\BOOKMARK [1][-]{section.1}{\376\377\000I\000n\000t\000r\000o\000d\000u\000c\000c\000i\000\363\000n}{}% 1
\BOOKMARK [2][-]{subsection.1.1}{\376\377\000E\000s\000p\000e\000c\000i\000f\000i\000c\000a\000c\000i\000o\000n\000e\000s\000\040\000d\000e\000l\000\040\000P\000r\000o\000y\000e\000c\000t\000o}{section.1}% 2
\BOOKMARK [2][-]{subsection.1.2}{\376\377\000E\000s\000t\000r\000u\000c\000t\000u\000r\000a\000\040\000d\000e\000l\000\040\000T\000r\000a\000b\000a\000j\000o}{section.1}% 3
\BOOKMARK [2][-]{subsection.1.3}{\376\377\000H\000e\000r\000r\000a\000m\000i\000e\000n\000t\000a\000s\000\040\000y\000\040\000M\000e\000t\000o\000d\000o\000l\000o\000g\000\355\000a}{section.1}% 4
\BOOKMARK [1][-]{section.2}{\376\377\000C\000o\000n\000s\000t\000r\000u\000c\000c\000i\000\363\000n\000\040\000d\000e\000\040\000T\000a\000b\000l\000a\000\040\000d\000e\000\040\000M\000o\000r\000t\000a\000l\000i\000d\000a\000d}{}% 5
\BOOKMARK [2][-]{subsection.2.1}{\376\377\0001\000.\0001\000\040\000O\000b\000t\000e\000n\000c\000i\000\363\000n\000\040\000d\000e\000l\000\040\000C\000u\000e\000r\000p\000o\000\040\000d\000e\000\040\000l\000a\000\040\000T\000a\000b\000l\000a}{section.2}% 6
\BOOKMARK [2][-]{subsection.2.2}{\376\377\0001\000.\0002\000\040\000C\000u\000a\000d\000r\000o\000\040\000d\000e\000\040\000R\000e\000g\000i\000s\000t\000r\000o\000s\000\040\000y\000\040\000M\000u\000e\000r\000t\000e\000s}{section.2}% 7
\BOOKMARK [2][-]{subsection.2.3}{\376\377\0001\000.\0003\000\040\000G\000r\000a\000d\000u\000a\000c\000i\000\363\000n}{section.2}% 8
\BOOKMARK [2][-]{subsection.2.4}{\376\377\0001\000.\0004\000\040\000E\000x\000t\000r\000a\000p\000o\000l\000a\000c\000i\000\363\000n}{section.2}% 9
\BOOKMARK [2][-]{subsection.2.5}{\376\377\0001\000.\0005\000\040\000T\000a\000b\000l\000a\000\040\000d\000e\000\040\000M\000o\000r\000t\000a\000l\000i\000d\000a\000d\000\040\000C\000o\000m\000p\000l\000e\000t\000a\000\040\000O\000b\000t\000e\000n\000i\000d\000a}{section.2}% 10
\BOOKMARK [1][-]{section.3}{\376\377\000V\000a\000l\000o\000r\000e\000s\000\040\000d\000e\000\040\000C\000o\000n\000m\000u\000t\000a\000c\000i\000\363\000n}{}% 11
\BOOKMARK [2][-]{subsection.3.1}{\376\377\000F\000u\000n\000c\000i\000o\000n\000e\000s\000\040\000d\000e\000\040\000C\000o\000n\000m\000u\000t\000a\000c\000i\000\363\000n}{section.3}% 12
\BOOKMARK [2][-]{subsection.3.2}{\376\377\000R\000e\000s\000u\000l\000t\000a\000d\000o\000s\000\040\000C\000a\000l\000c\000u\000l\000a\000d\000o\000s}{section.3}% 13
\BOOKMARK [1][-]{section.4}{\376\377\000C\000\341\000l\000c\000u\000l\000o\000\040\000d\000e\000\040\000V\000a\000l\000o\000r\000e\000s\000\040\000A\000c\000t\000u\000a\000l\000e\000s}{}% 14
\BOOKMARK [2][-]{subsection.4.1}{\376\377\0003\000.\0001\000\040\000D\000o\000t\000a\000l\000\040\000P\000u\000r\000o}{section.4}% 15
\BOOKMARK [2][-]{subsection.4.2}{\376\377\0003\000.\0002\000\040\000R\000e\000n\000t\000a\000\040\000V\000i\000t\000a\000l\000i\000c\000i\000a\000\040\000V\000e\000n\000c\000i\000d\000a}{section.4}% 16
\BOOKMARK [2][-]{subsection.4.3}{\376\377\0003\000.\0003\000\040\000R\000e\000n\000t\000a\000\040\000V\000i\000t\000a\000l\000i\000c\000i\000a\000\040\000D\000i\000f\000e\000r\000i\000d\000a\000\040\000\050\0007\0005\000\040\000a\000\361\000o\000s\000\051\000\040\000A\000n\000t\000i\000c\000i\000p\000a\000d\000a}{section.4}% 17
\BOOKMARK [2][-]{subsection.4.4}{\376\377\0003\000.\0004\000\040\000R\000e\000n\000t\000a\000\040\000T\000e\000m\000p\000o\000r\000a\000l\000\040\000V\000e\000n\000c\000i\000d\000a\000\040\000\050\0008\0000\000\040\000a\000\361\000o\000s\000\051}{section.4}% 18
\BOOKMARK [2][-]{subsection.4.5}{\376\377\0003\000.\0005\000\040\000R\000e\000n\000t\000a\000\040\000T\000e\000m\000p\000o\000r\000a\000l\000\040\000D\000i\000f\000e\000r\000i\000d\000a\000\040\000A\000n\000t\000i\000c\000i\000p\000a\000d\000a\000\040\000\050\0005\0008\000-\0007\0000\000\040\000a\000\361\000o\000s\000\051}{section.4}% 19
\BOOKMARK [2][-]{subsection.4.6}{\376\377\000S\000e\000n\000s\000i\000b\000i\000l\000i\000d\000a\000d\000\040\000a\000\040\000l\000a\000\040\000T\000a\000s\000a\000\040\000d\000e\000\040\000I\000n\000t\000e\000r\000\351\000s}{section.4}% 20
\BOOKMARK [1][-]{section.5}{\376\377\000C\000o\000n\000c\000l\000u\000s\000i\000o\000n\000e\000s}{}% 21
\BOOKMARK [2][-]{subsection.5.1}{\376\377\000H\000a\000l\000l\000a\000z\000g\000o\000s\000\040\000P\000r\000i\000n\000c\000i\000p\000a\000l\000e\000s}{section.5}% 22
\BOOKMARK [2][-]{subsection.5.2}{\376\377\000I\000m\000p\000l\000i\000c\000a\000c\000i\000o\000n\000e\000s\000\040\000A\000c\000t\000u\000a\000r\000i\000a\000l\000e\000s}{section.5}% 23
\BOOKMARK [2][-]{subsection.5.3}{\376\377\000L\000i\000m\000i\000t\000a\000c\000i\000o\000n\000e\000s}{section.5}% 24
